# fnp-ufunc public API golden v1

## ndarray creation
zeros_2x3_f64
  shape: [2, 3]
  dtype: F64
  values: [0.0, 0.0, 0.0, 0.0, 0.0, 0.0]

ones_3_i64
  shape: [3]
  dtype: I64
  values: [1.0, 1.0, 1.0]

full_2x2_f64
  shape: [2, 2]
  dtype: F64
  values: [-3.5, -3.5, -3.5, -3.5]

arange_even_f64
  shape: [3]
  dtype: F64
  values: [0.0, 2.0, 4.0]

linspace_quarters_f64
  shape: [5]
  dtype: F64
  values: [0.0, 0.25, 0.5, 0.75, 1.0]

## broadcasting
column_plus_row
  shape: [2, 3]
  dtype: F64
  values: [11.0, 21.0, 31.0, 12.0, 22.0, 32.0]

broadcast_1x3_to_2x3
  shape: [2, 3]
  dtype: F64
  values: [4.0, 5.0, 6.0, 4.0, 5.0, 6.0]

## ufunc results
binary_multiply
  shape: [4]
  dtype: F64
  values: [2.0, -8.0, -7.0, 13.5]

binary_divide
  shape: [4]
  dtype: F64
  values: [0.5, -0.5, -1.75, 1.5]

unary_negative
  shape: [4]
  dtype: F64
  values: [-1.0, 2.0, -3.5, 4.5]

unary_sqrt
  shape: [4]
  dtype: F64
  values: [0.0, 1.0, 2.0, 3.0]

logical_not_nan_truthiness
  shape: [3]
  dtype: Bool
  values: [1.0, 0.0, 0.0]

## reductions
sum_all
  shape: []
  dtype: F64
  values: [21.0]

sum_axis0
  shape: [3]
  dtype: F64
  values: [5.0, 7.0, 9.0]

sum_axis1_keepdims
  shape: [2, 1]
  dtype: F64
  values: [6.0, 15.0]

mean_axis0
  shape: [3]
  dtype: F64
  values: [2.5, 3.5, 4.5]

min_axis1
  shape: [2]
  dtype: F64
  values: [1.0, 4.0]

max_all
  shape: []
  dtype: F64
  values: [6.0]

## slicing and indexing
item_2_1
  value: 9.0

slice_axis_cols_1_to_4_step_2
  shape: [3, 2]
  dtype: F64
  values: [1.0, 3.0, 5.0, 7.0, 9.0, 11.0]

slice_rows_reverse_cols_even
  shape: [3, 2]
  dtype: F64
  values: [8.0, 10.0, 4.0, 6.0, 0.0, 2.0]

## shape transforms and joins
reshape_2x3_to_3x2
  shape: [3, 2]
  dtype: F64
  values: [1.0, 2.0, 3.0, 4.0, 5.0, 6.0]

transpose_default_2x3
  shape: [3, 2]
  dtype: F64
  values: [1.0, 4.0, 2.0, 5.0, 3.0, 6.0]

concatenate_axis0
  shape: [4, 2]
  dtype: F64
  values: [1.0, 2.0, 3.0, 4.0, 10.0, 20.0, 30.0, 40.0]

stack_axis1
  shape: [3, 2]
  dtype: F64
  values: [1.0, 10.0, 2.0, 20.0, 3.0, 30.0]

## selection and ordering
clip_1_5_to_4_5
  shape: [2, 3]
  dtype: F64
  values: [3.0, 1.5, 2.0, 4.5, 4.0, 4.5]

sort_axis1_quicksort
  shape: [2, 3]
  dtype: F64
  values: [1.0, 2.0, 3.0, 4.0, 5.0, 6.0]

argsort_axis1_stable
  shape: [2, 3]
  dtype: I64
  values: [1.0, 2.0, 0.0, 1.0, 2.0, 0.0]

where_select_2x2
  shape: [2, 2]
  dtype: F64
  values: [10.0, -1.0, -1.0, 40.0]

## indexing and set helpers
take_axis1_indices_2_0
  shape: [2, 2]
  dtype: F64
  values: [3.0, 1.0, 6.0, 4.0]

where_nonzero_axis0
  shape: [3]
  dtype: I64
  values: [0.0, 1.0, 1.0]

where_nonzero_axis1
  shape: [3]
  dtype: I64
  values: [1.0, 0.0, 2.0]

unique_all_values
  shape: [3]
  dtype: F64
  values: [1.0, 2.0, 3.0]

unique_all_indices
  shape: [3]
  dtype: I64
  values: [1.0, 3.0, 0.0]

unique_all_inverse
  shape: [5]
  dtype: I64
  values: [2.0, 0.0, 2.0, 1.0, 0.0]

unique_all_counts
  shape: [3]
  dtype: I64
  values: [2.0, 1.0, 2.0]

## linear algebra and contractions
matmul_2x3_by_3x2
  shape: [2, 2]
  dtype: F64
  values: [58.0, 64.0, 139.0, 154.0]

dot_1d_inner
  shape: []
  dtype: F64
  values: [32.0]

einsum_weighted_row_sum
  shape: [2]
  dtype: F64
  values: [-1.0, 0.5]

## cumulative and comparison summaries
cumsum_axis1
  shape: [2, 3]
  dtype: F64
  values: [1.0, 3.0, 6.0, 4.0, 9.0, 15.0]

percentile_75_axis0
  shape: [3]
  dtype: F64
  values: [3.25, 4.25, 5.25]

isclose_mixed
  shape: [3]
  dtype: Bool
  values: [1.0, 1.0, 0.0]

allclose_first_two
  value: true

## statistical analysis
diff_n1
  shape: [4]
  dtype: F64
  values: [2.0, 3.0, 4.0, 5.0]

diff_n2
  shape: [3]
  dtype: F64
  values: [1.0, 1.0, 1.0]

ptp_all
  shape: []
  dtype: F64
  values: [7.0]

ptp_axis1
  shape: [2]
  dtype: F64
  values: [4.0, 6.0]

cov_3x4
  shape: [3, 3]
  dtype: F64
  values: [1.666666666667, 3.333333333333, 0.833333333333, 3.333333333333, 6.666666666667, 1.666666666667, 0.833333333333, 1.666666666667, 0.416666666667]

corrcoef_3x4
  shape: [3, 3]
  dtype: F64
  values: [1.0, 1.0, 1.0, 1.0, 1.0, 1.0, 1.0, 1.0, 1.0]

## nan-aware reductions
nansum_all
  shape: []
  dtype: F64
  values: [9.0]

nanmean_all
  shape: []
  dtype: F64
  values: [3.0]

nansum_axis1
  shape: [2]
  dtype: F64
  values: [4.0, 9.0]

nanmean_axis0
  shape: [3]
  dtype: F64
  values: [2.5, 5.0, 3.0]

## histogram and binning
histogram_5bins_counts
  shape: [5]
  dtype: I64
  values: [2.0, 1.0, 3.0, 2.0, 2.0]

histogram_5bins_edges
  shape: [6]
  dtype: F64
  values: [0.5, 1.58, 2.66, 3.74, 4.82, 5.9]

histogram_custom_edges_counts
  shape: [3]
  dtype: I64
  values: [2.0, 4.0, 4.0]

bincount_simple
  shape: [4]
  dtype: I64
  values: [3.0, 2.0, 2.0, 1.0]

digitize_default
  shape: [5]
  dtype: I64
  values: [0.0, 1.0, 2.0, 3.0, 4.0]

digitize_right
  shape: [5]
  dtype: I64
  values: [0.0, 1.0, 2.0, 3.0, 4.0]
